> Task :app:preBuild UP-TO-DATE
> Task :app:preDebugBuild UP-TO-DATE
> Task :app:checkKotlinGradlePluginConfigurationErrors SKIPPED
> Task :app:dataBindingMergeDependencyArtifactsDebug UP-TO-DATE
> Task :app:generateDebugResValues UP-TO-DATE
> Task :app:generateDebugResources UP-TO-DATE
> Task :app:injectCrashlyticsMappingFileIdDebug UP-TO-DATE
> Task :app:processDebugGoogleServices UP-TO-DATE
> Task :app:mergeDebugResources UP-TO-DATE
> Task :app:packageDebugResources UP-TO-DATE
> Task :app:processDebugNavigationResources UP-TO-DATE
> Task :app:parseDebugLocalResources UP-TO-DATE
> Task :app:dataBindingGenBaseClassesDebug UP-TO-DATE
> Task :app:generateDebugBuildConfig UP-TO-DATE
> Task :app:generateSafeArgsDebug UP-TO-DATE
> Task :app:checkDebugAarMetadata UP-TO-DATE
> Task :app:compileDebugNavigationResources UP-TO-DATE
> Task :app:mapDebugSourceSetPaths UP-TO-DATE
> Task :app:createDebugCompatibleScreenManifests UP-TO-DATE
> Task :app:extractDeepLinksDebug UP-TO-DATE
> Task :app:processDebugMainManifest UP-TO-DATE
> Task :app:processDebugManifest UP-TO-DATE
> Task :app:processDebugManifestForPackage UP-TO-DATE
> Task :app:processDebugResources UP-TO-DATE
> Task :app:kspDebugKotlin UP-TO-DATE
> Task :app:compileDebugKotlin UP-TO-DATE
> Task :app:javaPreCompileDebug UP-TO-DATE
> Task :app:compileDebugJavaWithJavac UP-TO-DATE
> Task :app:hiltAggregateDepsDebug UP-TO-DATE
> Task :app:hiltJavaCompileDebug UP-TO-DATE
> Task :app:transformDebugClassesWithAsm UP-TO-DATE
> Task :app:bundleDebugClassesToRuntimeJar UP-TO-DATE
> Task :app:preDebugUnitTestBuild UP-TO-DATE
> Task :app:processDebugJavaRes UP-TO-DATE
> Task :app:bundleDebugClassesToCompileJar UP-TO-DATE
> Task :app:kspDebugUnitTestKotlin UP-TO-DATE
> Task :app:javaPreCompileDebugUnitTest UP-TO-DATE

> Task :app:compileDebugUnitTestKotlin FAILED
cmd : e: file:///C:/Users/ryzen/StudioProjects/ReTailX/app/src/tes
t/java/com/rajatt7z/retailx/viewmodel/AuthViewModelTest.kt:20:20 
Unresolved reference 'kotlin'.
At line:1 char:1
+ cmd /c gradlew.bat testDebugUnitTest > test_log.txt 2>&1
+ ~~~~~~~~~~~~~~~~~~~~~~~~~~~~~~~~~~~~~~~~~~~~~~~~~~~~~~~~
    + CategoryInfo          : NotSpecified: (e: 
file:///C:/U...rence '    kotlin'.:String) [], RemoteException
    + FullyQualifiedErrorId : NativeCommandError
 
e: file:///C:/Users/ryzen/StudioProjects/ReTailX/app/src/test/java
/com/rajatt7z/retailx/viewmodel/AuthViewModelTest.kt:64:9 
Unresolved reference 'verify'.
e: file:///C:/Users/ryzen/StudioProjects/ReTailX/app/src/test/java
/com/rajatt7z/retailx/viewmodel/AuthViewModelTest.kt:65:9 
Unresolved reference 'verify'.
e: file:///C:/Users/ryzen/StudioProjects/ReTailX/app/src/test/java
/com/rajatt7z/retailx/viewmodel/AuthViewModelTest.kt:65:55 Cannot 
infer type for this parameter. Please specify it explicitly.
e: file:///C:/Users/ryzen/StudioProjects/ReTailX/app/src/test/java
/com/rajatt7z/retailx/viewmodel/AuthViewModelTest.kt:66:9 
Unresolved reference 'verify'.
e: file:///C:/Users/ryzen/StudioProjects/ReTailX/app/src/test/java
/com/rajatt7z/retailx/viewmodel/AuthViewModelTest.kt:82:9 
Unresolved reference 'verify'.
e: file:///C:/Users/ryzen/StudioProjects/ReTailX/app/src/test/java
/com/rajatt7z/retailx/viewmodel/AuthViewModelTest.kt:83:9 
Unresolved reference 'verify'.
e: file:///C:/Users/ryzen/StudioProjects/ReTailX/app/src/test/java
/com/rajatt7z/retailx/viewmodel/AuthViewModelTest.kt:83:55 Cannot 
infer type for this parameter. Please specify it explicitly.
e: file:///C:/Users/ryzen/StudioProjects/ReTailX/app/src/test/java
/com/rajatt7z/retailx/viewmodel/AuthViewModelTest.kt:84:9 
Unresolved reference 'verify'.
e: file:///C:/Users/ryzen/StudioProjects/ReTailX/app/src/test/java
/com/rajatt7z/retailx/viewmodel/AuthViewModelTest.kt:84:55 Cannot 
infer type for this parameter. Please specify it explicitly.

FAILURE: Build failed with an exception.

* What went wrong:
Execution failed for task ':app:compileDebugUnitTestKotlin'.
> A failure occurred while executing org.jetbrains.kotlin.compiler
Runner.GradleCompilerRunnerWithWorkers$GradleKotlinCompilerWorkAct
ion
   > Compilation error. See log for more details

* Try:
> Run with --stacktrace option to get the stack trace.
> Run with --info or --debug option to get more log output.
> Run with --scan to get full insights.
> Get more help at https://help.gradle.org.

BUILD FAILED in 1s
34 actionable tasks: 1 executed, 33 up-to-date
